
> next-js-template-jf8989@0.1.0 build
> next build

   Γû▓ Next.js 15.1.5

   Creating an optimized production build ...
 Γ£ô Compiled successfully
   Linting and checking validity of types ...
node.exe : 
At line:1 char:1
+ & "C:\Program Files\nodejs/node.exe" "C:\Program 
Files\nodejs/node_mo ...
+ ~~~~~~~~~~~~~~~~~~~~~~~~~~~~~~~~~~~~~~~~~~~~~~~~~~~~~~~~~~~~~~~~
~~~~~
    + CategoryInfo          : NotSpecified: (:String) [], RemoteE 
   xception
    + FullyQualifiedErrorId : NativeCommandError
 
Failed to compile.

./src/components/ui/header.tsx
21:9  Error: 'isAdminRoute' is assigned a value but never used.  
@typescript-eslint/no-unused-vars
30:9  Error: 'handleGoogleSignIn' is assigned a value but never 
used.  @typescript-eslint/no-unused-vars

info  - Need to disable some ESLint rules? Learn more here: https:
//nextjs.org/docs/app/api-reference/config/eslint#disabling-rules
